2025-04-01 12:17:00 | WARN | repo=a4m36jee-2014-web-seminar | action=commit
2025-04-02 18:19:00 | INFO | repo=a4m36jee-2014-web-seminar | action=commit
2025-04-01 19:29:00 | INFO | repo=a4m36jee-2014-web-seminar | action=commit
2025-11-22 21:09:00 | INFO | repo=a4m36jee-2014-web-seminar | action=commit
2025-03-01 19:35:00 | DEBUG | repo=a4m36jee-2014-web-seminar | action=commit
2025-12-03 13:57:00 | DEBUG | repo=a4m36jee-2014-web-seminar | action=commit
2025-12-10 21:56:00 | DEBUG | repo=a4m36jee-2014-web-seminar | action=commit
2025-11-17 08:42:00 | INFO | repo=a4m36jee-2014-web-seminar | action=commit
2025-09-14 17:38:00 | INFO | repo=a4m36jee-2014-web-seminar | action=commit
2025-09-23 14:11:00 | INFO | repo=a4m36jee-2014-web-seminar | action=pull
2025-03-19 12:04:00 | DEBUG | repo=a4m36jee-2014-web-seminar | action=commit
2025-06-26 07:17:00 | WARN | repo=a4m36jee-2014-web-seminar | action=commit
2025-10-12 14:05:00 | WARN | repo=a4m36jee-2014-web-seminar | action=commit
2025-03-21 16:28:00 | WARN | repo=a4m36jee-2014-web-seminar | action=commit
2025-01-06 21:33:00 | INFO | repo=a4m36jee-2014-web-seminar | action=commit
2025-07-16 15:41:00 | DEBUG | repo=a4m36jee-2014-web-seminar | action=commit
2025-08-10 07:22:00 | WARN | repo=a4m36jee-2014-web-seminar | action=commit
2025-04-24 17:08:00 | DEBUG | repo=a4m36jee-2014-web-seminar | action=edit | files=2
2025-07-28 08:17:00 | INFO | repo=a4m36jee-2014-web-seminar | action=commit
2025-07-08 08:38:00 | WARN | repo=a4m36jee-2014-web-seminar | action=commit
2025-10-02 07:39:00 | INFO | repo=a4m36jee-2014-web-seminar | action=commit
2025-12-28 07:33:00 | WARN | repo=a4m36jee-2014-web-seminar | action=commit
2025-09-05 19:10:00 | WARN | repo=a4m36jee-2014-web-seminar | action=pull
2025-03-18 08:29:00 | DEBUG | repo=a4m36jee-2014-web-seminar | action=test | passed=true
2025-08-04 16:57:00 | DEBUG | repo=a4m36jee-2014-web-seminar | action=commit
2025-05-18 21:00:00 | INFO | repo=a4m36jee-2014-web-seminar | action=commit
2025-08-15 12:04:00 | WARN | repo=a4m36jee-2014-web-seminar | action=commit
2025-02-22 09:08:00 | DEBUG | repo=a4m36jee-2014-web-seminar | action=commit
2025-06-07 10:59:00 | DEBUG | repo=a4m36jee-2014-web-seminar | action=commit
2025-08-08 14:02:00 | WARN | repo=a4m36jee-2014-web-seminar | action=commit
2025-04-07 20:00:00 | WARN | repo=a4m36jee-2014-web-seminar | action=commit
2025-06-02 20:28:00 | DEBUG | repo=a4m36jee-2014-web-seminar | action=commit
2025-03-27 18:15:00 | WARN | repo=a4m36jee-2014-web-seminar | action=commit
2025-04-17 14:49:00 | INFO | repo=a4m36jee-2014-web-seminar | action=commit
2025-08-06 19:06:00 | DEBUG | repo=a4m36jee-2014-web-seminar | action=commit
2025-11-09 18:25:00 | INFO | repo=a4m36jee-2014-web-seminar | action=commit
2025-05-14 10:16:00 | DEBUG | repo=a4m36jee-2014-web-seminar | action=pull
2025-10-23 11:15:00 | WARN | repo=a4m36jee-2014-web-seminar | action=commit
2025-11-20 10:40:00 | WARN | repo=a4m36jee-2014-web-seminar | action=test | passed=true
2025-08-22 08:22:00 | DEBUG | repo=a4m36jee-2014-web-seminar | action=edit | files=5
2025-01-28 07:52:00 | INFO | repo=a4m36jee-2014-web-seminar | action=commit
2025-10-21 08:21:00 | DEBUG | repo=a4m36jee-2014-web-seminar | action=commit
2025-07-12 21:11:00 | DEBUG | repo=a4m36jee-2014-web-seminar | action=test | passed=true
2025-10-27 11:34:00 | WARN | repo=a4m36jee-2014-web-seminar | action=commit
2025-06-06 08:17:00 | WARN | repo=a4m36jee-2014-web-seminar | action=commit
2025-11-07 07:04:00 | WARN | repo=a4m36jee-2014-web-seminar | action=commit
2025-08-17 15:34:00 | INFO | repo=a4m36jee-2014-web-seminar | action=commit
2025-04-08 17:34:00 | DEBUG | repo=a4m36jee-2014-web-seminar | action=edit | files=3
2025-08-06 07:00:00 | DEBUG | repo=a4m36jee-2014-web-seminar | action=commit
2025-03-11 19:30:00 | WARN | repo=a4m36jee-2014-web-seminar | action=commit
2025-08-25 09:43:00 | WARN | repo=a4m36jee-2014-web-seminar | action=commit
2025-06-02 12:25:00 | INFO | repo=a4m36jee-2014-web-seminar | action=commit
2025-03-23 15:02:00 | INFO | repo=a4m36jee-2014-web-seminar | action=commit
2025-10-03 14:34:00 | INFO | repo=a4m36jee-2014-web-seminar | action=commit
2025-12-06 16:13:00 | DEBUG | repo=a4m36jee-2014-web-seminar | action=commit
2025-04-22 07:50:00 | WARN | repo=a4m36jee-2014-web-seminar | action=commit
2025-09-19 17:26:00 | WARN | repo=a4m36jee-2014-web-seminar | action=pull
2025-04-24 18:30:00 | DEBUG | repo=a4m36jee-2014-web-seminar | action=commit
2025-05-20 19:34:00 | WARN | repo=a4m36jee-2014-web-seminar | action=commit
2025-06-17 08:32:00 | INFO | repo=a4m36jee-2014-web-seminar | action=commit
2025-08-12 11:16:00 | INFO | repo=a4m36jee-2014-web-seminar | action=commit
2025-09-03 17:56:00 | WARN | repo=a4m36jee-2014-web-seminar | action=commit
2025-07-12 09:38:00 | DEBUG | repo=a4m36jee-2014-web-seminar | action=commit
2025-10-06 17:57:00 | WARN | repo=a4m36jee-2014-web-seminar | action=commit
2025-07-21 19:25:00 | DEBUG | repo=a4m36jee-2014-web-seminar | action=commit
2025-02-18 07:46:00 | DEBUG | repo=a4m36jee-2014-web-seminar | action=commit
2025-10-03 19:05:00 | DEBUG | repo=a4m36jee-2014-web-seminar | action=commit
2025-07-10 19:56:00 | DEBUG | repo=a4m36jee-2014-web-seminar | action=commit
2025-12-03 16:40:00 | INFO | repo=a4m36jee-2014-web-seminar | action=commit
2025-02-21 10:19:00 | INFO | repo=a4m36jee-2014-web-seminar | action=commit
2025-06-11 16:56:00 | DEBUG | repo=a4m36jee-2014-web-seminar | action=commit
2025-02-27 12:41:00 | DEBUG | repo=a4m36jee-2014-web-seminar | action=test | passed=true
2025-03-27 16:01:00 | DEBUG | repo=a4m36jee-2014-web-seminar | action=commit
2025-07-05 08:42:00 | DEBUG | repo=a4m36jee-2014-web-seminar | action=commit
2025-06-16 10:20:00 | DEBUG | repo=a4m36jee-2014-web-seminar | action=commit
2025-07-08 13:56:00 | DEBUG | repo=a4m36jee-2014-web-seminar | action=test | passed=true
2025-10-16 14:30:00 | INFO | repo=a4m36jee-2014-web-seminar | action=commit
2025-01-05 15:25:00 | DEBUG | repo=a4m36jee-2014-web-seminar | action=pull
2025-01-07 11:46:00 | INFO | repo=a4m36jee-2014-web-seminar | action=edit | files=5
2025-10-13 12:01:00 | INFO | repo=a4m36jee-2014-web-seminar | action=commit
2025-03-02 09:43:00 | WARN | repo=a4m36jee-2014-web-seminar | action=commit
2025-05-01 12:21:00 | WARN | repo=a4m36jee-2014-web-seminar | action=edit | files=2
2025-12-05 20:32:00 | INFO | repo=a4m36jee-2014-web-seminar | action=commit
